[backblue.gif]
[fade.gif]
[index.html]
[reactheme.com/products/html/waretech/img/favicon.png]
[reactheme.com/products/html/waretech/img/logo/header-logo-2.png]
[reactheme.com/products/html/waretech/img/icon/bar-1.png]
[reactheme.com/products/html/waretech/img/logo/header-logo-1.png]
[reactheme.com/products/html/waretech/img/pattern/offset-sidebar-bg.png]
[reactheme.com/products/html/waretech/img/about/about-1.jpg]
[reactheme.com/products/html/waretech/img/about/about-3.jpg]
[reactheme.com/products/html/waretech/img/about/about-4.jpg]
[reactheme.com/products/html/waretech/img/icon/s-2a.png]
[reactheme.com/products/html/waretech/img/icon/s-2b.png]
[reactheme.com/products/html/waretech/img/icon/s-2c.png]
[reactheme.com/products/html/waretech/img/case/case-1.jpg]
[reactheme.com/products/html/waretech/img/case/case-2.jpg]
[reactheme.com/products/html/waretech/img/case/case-3.jpg]
[reactheme.com/products/html/waretech/img/brand/brand-1.png]
[reactheme.com/products/html/waretech/img/brand/brand-1g.png]
[reactheme.com/products/html/waretech/img/brand/brand-2.png]
[reactheme.com/products/html/waretech/img/brand/brand-2g.png]
[reactheme.com/products/html/waretech/img/brand/brand-3.png]
[reactheme.com/products/html/waretech/img/brand/brand-3g.png]
[reactheme.com/products/html/waretech/img/brand/brand-4.png]
[reactheme.com/products/html/waretech/img/brand/brand-4g.png]
[reactheme.com/products/html/waretech/img/brand/brand-5.png]
[reactheme.com/products/html/waretech/img/brand/brand-5g.png]
[reactheme.com/products/html/waretech/img/counter/count-1.jpg]
[reactheme.com/products/html/waretech/img/counter/ic-3.png]
[reactheme.com/products/html/waretech/img/counter/ic-1.png]
[reactheme.com/products/html/waretech/img/counter/ic-2.png]
[reactheme.com/products/html/waretech/img/price/ic-1.png]
[reactheme.com/products/html/waretech/img/price/ic-2.png]
[reactheme.com/products/html/waretech/img/price/ic-3.png]
[reactheme.com/products/html/waretech/img/price/ic-4.png]
[reactheme.com/products/html/waretech/img/blog/blog-5.jpg]
[reactheme.com/products/html/waretech/img/blog/blog-6.jpg]
[reactheme.com/products/html/waretech/img/blog/blog-7.jpg]
[reactheme.com/products/html/waretech/img/blog/blog-8.jpg]
[reactheme.com/products/html/waretech/img/team/team-1.jpg]
[reactheme.com/products/html/waretech/img/team/team-2.jpg]
[reactheme.com/products/html/waretech/img/team/team-3.jpg]
[reactheme.com/products/html/waretech/img/team/team-4.jpg]
[reactheme.com/products/html/waretech/img/contact/telephone.png]
[reactheme.com/products/html/waretech/img/contact/mail.png]
[reactheme.com/products/html/waretech/img/logo/footer-logo-2.png]
[reactheme.com/products/html/waretech/js/vendor/modernizr-3.5.0.min.js]
[reactheme.com/products/html/waretech/js/vendor/jquery-2.2.4.min.js]
[reactheme.com/products/html/waretech/js/jquery.singlePageNav.js]
[reactheme.com/products/html/waretech/js/vendor/popper.min.js]
[reactheme.com/products/html/waretech/js/vendor/bootstrap.min.js]
[reactheme.com/products/html/waretech/js/owl.carousel.min.js]
[reactheme.com/products/html/waretech/js/metisMenu.min.js]
[reactheme.com/products/html/waretech/js/jquery.nice-select.js]
[reactheme.com/products/html/waretech/js/wow.min.js]
[reactheme.com/products/html/waretech/js/jquery.counterup.min.js]
[reactheme.com/products/html/waretech/js/waypoints.min.js]
[reactheme.com/products/html/waretech/js/jquery.scrollUp.min.js]
[reactheme.com/products/html/waretech/js/isotope.pkgd.min.js]
[reactheme.com/products/html/waretech/js/imagesloaded.pkgd.min.js]
[reactheme.com/products/html/waretech/js/jquery.magnific-popup.min.js]
[reactheme.com/products/html/waretech/js/plugins.js]
[reactheme.com/products/html/waretech/js/main.js]
[reactheme.com/products/html/waretech/index-2_onepage.html]
[reactheme.com/products/html/waretech/css/bootstrap.min.css]
[reactheme.com/products/html/waretech/css/owl.carousel.min.css]
[reactheme.com/products/html/waretech/css/animate.css]
[reactheme.com/products/html/waretech/css/magnific-popup.css]
[reactheme.com/products/html/waretech/fonts/fa-brands-400.eot]
[reactheme.com/products/html/waretech/fonts/fa-brands-400d41d.eot]
[reactheme.com/products/html/waretech/fonts/fa-brands-400.woff2]
[reactheme.com/products/html/waretech/fonts/fa-brands-400.woff]
[reactheme.com/products/html/waretech/fonts/fa-brands-400.ttf]
[reactheme.com/products/html/waretech/fonts/fa-duotone-900.eot]
[reactheme.com/products/html/waretech/fonts/fa-duotone-900d41d.eot]
[reactheme.com/products/html/waretech/fonts/fa-duotone-900.woff2]
[reactheme.com/products/html/waretech/fonts/fa-duotone-900.woff]
[reactheme.com/products/html/waretech/fonts/fa-duotone-900.ttf]
[reactheme.com/products/html/waretech/fonts/fa-light-300.eot]
[reactheme.com/products/html/waretech/fonts/fa-light-300d41d.eot]
[reactheme.com/products/html/waretech/fonts/fa-light-300.woff2]
[reactheme.com/products/html/waretech/fonts/fa-light-300.woff]
[reactheme.com/products/html/waretech/fonts/fa-light-300.ttf]
[reactheme.com/products/html/waretech/fonts/fa-regular-400.eot]
[reactheme.com/products/html/waretech/fonts/fa-regular-400d41d.eot]
[reactheme.com/products/html/waretech/fonts/fa-regular-400.woff2]
[reactheme.com/products/html/waretech/fonts/fa-regular-400.woff]
[reactheme.com/products/html/waretech/fonts/fa-regular-400.ttf]
[reactheme.com/products/html/waretech/fonts/fa-solid-900.eot]
[reactheme.com/products/html/waretech/fonts/fa-solid-900d41d.eot]
[reactheme.com/products/html/waretech/fonts/fa-solid-900.woff2]
[reactheme.com/products/html/waretech/fonts/fa-solid-900.woff]
[reactheme.com/products/html/waretech/fonts/fa-solid-900.ttf]
[reactheme.com/products/html/waretech/css/all.min.css]
[reactheme.com/products/html/waretech/css/metisMenu.css]
[reactheme.com/products/html/waretech/css/nice-select.css]
[reactheme.com/products/html/waretech/css/spacing.css]
[reactheme.com/products/html/waretech/img/slider/hero-bg-1.jpg]
[reactheme.com/products/html/waretech/img/slider/home2-bg.png]
[reactheme.com/products/html/waretech/img/slider/hero-bg-3a.jpg]
[reactheme.com/products/html/waretech/img/about/about-bg1.png]
[reactheme.com/products/html/waretech/img/layers/approch-card-bg.png]
[reactheme.com/products/html/waretech/img/brand/brand-bg-1.png]
[reactheme.com/products/html/waretech/img/proces/proces-bg1.jpg]
[reactheme.com/products/html/waretech/img/proces/arrow-1.png]
[reactheme.com/products/html/waretech/img/proces/arrow-2.png]
[reactheme.com/products/html/waretech/img/blog/quote-white-1.png]
[reactheme.com/products/html/waretech/img/contact/dot-map-bg1.png]
[reactheme.com/products/html/waretech/img/contact/dot-map-bg2.png]
[reactheme.com/products/html/waretech/img/contact/dot-map-bg3.png]
[reactheme.com/products/html/waretech/img/counter/count-2.jpg]
[reactheme.com/products/html/waretech/img/footer/footer-bg3.jpg]
[reactheme.com/products/html/waretech/css/main.css]
[reactheme.com/products/html/waretech/img/icon/eclips-1.png]
[reactheme.com/products/html/waretech/img/slider/hero-man-2.png]
[reactheme.com/products/html/waretech/img/slider/hero-man-1.png]
[reactheme.com/products/html/waretech/img/about/about-2.jpg]
[reactheme.com/products/html/waretech/img/icon/a-1.png]
[reactheme.com/products/html/waretech/img/icon/a-1a.png]
[reactheme.com/products/html/waretech/img/icon/s-1.png]
[reactheme.com/products/html/waretech/img/icon/s-1a.png]
[reactheme.com/products/html/waretech/img/icon/s-1b.png]
[reactheme.com/products/html/waretech/img/icon/s-1c.png]
[reactheme.com/products/html/waretech/img/icon/p-1a.png]
[reactheme.com/products/html/waretech/img/icon/p-1b.png]
[reactheme.com/products/html/waretech/img/icon/p-1c.png]
[reactheme.com/products/html/waretech/img/icon/p-1d.png]
[reactheme.com/products/html/waretech/img/portfolio/pr-1.jpg]
[reactheme.com/products/html/waretech/img/portfolio/brand-logo-1.png]
[reactheme.com/products/html/waretech/img/portfolio/pr-3.jpg]
[reactheme.com/products/html/waretech/img/icon/f-1a.png]
[reactheme.com/products/html/waretech/img/icon/f-1b.png]
[reactheme.com/products/html/waretech/img/icon/f-1c.png]
[reactheme.com/products/html/waretech/img/icon/f-1d.png]
[reactheme.com/products/html/waretech/img/testimonial/pattern-1.png]
[reactheme.com/products/html/waretech/img/testimonial/t-1a.jpg]
[reactheme.com/products/html/waretech/img/testimonial/t-1b.jpg]
[reactheme.com/products/html/waretech/img/testimonial/t-1c.jpg]
[reactheme.com/products/html/waretech/img/testimonial/t-1d.jpg]
[reactheme.com/products/html/waretech/img/testimonial/review-1.png]
[reactheme.com/products/html/waretech/img/testimonial/author.jpg]
[reactheme.com/products/html/waretech/img/blog/blog-1.jpg]
[reactheme.com/products/html/waretech/img/blog/blog-2.jpg]
[reactheme.com/products/html/waretech/img/blog/blog-3.jpg]
[reactheme.com/products/html/waretech/img/blog/blog-4.jpg]
[reactheme.com/products/html/waretech/index.html]
[reactheme.com/products/html/waretech/img/page-title/page-title-bg3.jpg]
[reactheme.com/products/html/waretech/contact.html]
[reactheme.com/products/html/waretech/img/services/service-1.jpg]
[reactheme.com/products/html/waretech/img/services/service-2.jpg]
[reactheme.com/products/html/waretech/img/icon/s-5a.png]
[reactheme.com/products/html/waretech/img/icon/s-6a.png]
[reactheme.com/products/html/waretech/img/icon/s-6b.png]
[reactheme.com/products/html/waretech/img/icon/s-6c.png]
[reactheme.com/products/html/waretech/img/icon/s-6d.png]
[reactheme.com/products/html/waretech/img/icon/quote-big.png]
[reactheme.com/products/html/waretech/img/services/service-3.jpg]
[reactheme.com/products/html/waretech/img/services/service-4.jpg]
[reactheme.com/products/html/waretech/img/services/service-5.jpg]
[reactheme.com/products/html/waretech/img/icon/eclips-big.png]
[reactheme.com/products/html/waretech/img/services/service-6.jpg]
[reactheme.com/products/html/waretech/services-details.html]
[reactheme.com/products/html/waretech/img/portfolio/pr-16.jpg]
[reactheme.com/products/html/waretech/img/portfolio/pr-17.jpg]
[reactheme.com/products/html/waretech/img/portfolio/pr-18.jpg]
[reactheme.com/products/html/waretech/img/portfolio/pr-19.jpg]
[reactheme.com/products/html/waretech/img/portfolio/pr-4.jpg]
[reactheme.com/products/html/waretech/img/portfolio/pr-11.jpg]
[reactheme.com/products/html/waretech/img/portfolio/pr-12.jpg]
[reactheme.com/products/html/waretech/img/portfolio/pr-13.jpg]
[reactheme.com/products/html/waretech/case-details.html]
[reactheme.com/products/html/waretech/img/portfolio/pr-5.jpg]
[reactheme.com/products/html/waretech/img/portfolio/pr-6.jpg]
[reactheme.com/products/html/waretech/img/portfolio/pr-7.jpg]
[reactheme.com/products/html/waretech/img/portfolio/pr-8.jpg]
[reactheme.com/products/html/waretech/img/portfolio/pr-9.jpg]
[reactheme.com/products/html/waretech/img/portfolio/pr-10.jpg]
[reactheme.com/products/html/waretech/img/portfolio/pr-14.jpg]
[reactheme.com/products/html/waretech/img/portfolio/pr-15.jpg]
[reactheme.com/products/html/waretech/portfolio.html]
[reactheme.com/products/html/waretech/img/blog/blog-14.jpg]
[reactheme.com/products/html/waretech/img/blog/blog-15.jpg]
[reactheme.com/products/html/waretech/img/icon/eclips-big2.png]
[reactheme.com/products/html/waretech/img/blog/blog-author2.jpg]
[reactheme.com/products/html/waretech/img/blog/comment-2.jpg]
[reactheme.com/products/html/waretech/img/blog/comment-3.jpg]
[reactheme.com/products/html/waretech/img/blog/comment-4.jpg]
[reactheme.com/products/html/waretech/img/blog/blog-author1.jpg]
[reactheme.com/products/html/waretech/img/blog/post-1.jpg]
[reactheme.com/products/html/waretech/img/blog/post-2.jpg]
[reactheme.com/products/html/waretech/img/blog/post-3.jpg]
[reactheme.com/products/html/waretech/img/blog/post-4.jpg]
[reactheme.com/products/html/waretech/img/blog/banner-1.jpg]
[reactheme.com/products/html/waretech/news-details.html]
[reactheme.com/products/html/waretech/img/about/about-8.jpg]
[reactheme.com/products/html/waretech/img/about/trophy-2.png]
[reactheme.com/products/html/waretech/img/feature/feature-1.jpg]
[reactheme.com/products/html/waretech/img/feature/feature-2.jpg]
[reactheme.com/products/html/waretech/img/feature/feature-3.jpg]
[reactheme.com/products/html/waretech/img/about/about-9.jpg]
[reactheme.com/products/html/waretech/img/about/about-5.jpg]
[reactheme.com/products/html/waretech/img/about/about-6.jpg]
[reactheme.com/products/html/waretech/about.html]
[reactheme.com/products/html/waretech/img/faq/faq-1.jpg]
[reactheme.com/products/html/waretech/faq.html]
[reactheme.com/products/html/waretech/img/icon/s-4a.png]
[reactheme.com/products/html/waretech/img/icon/s-4b.png]
[reactheme.com/products/html/waretech/img/icon/s-4c.png]
[reactheme.com/products/html/waretech/img/blog/blog-16.jpg]
[reactheme.com/products/html/waretech/services.html]
[reactheme.com/products/html/waretech/img/team/team-5.jpg]
[reactheme.com/products/html/waretech/img/team/team-6.jpg]
[reactheme.com/products/html/waretech/img/team/team-7.jpg]
[reactheme.com/products/html/waretech/img/team/team-8.jpg]
[reactheme.com/products/html/waretech/img/video/video-bg1.jpg]
[reactheme.com/products/html/waretech/img/icon/c-1d.png]
[reactheme.com/products/html/waretech/img/icon/c-2d.png]
[reactheme.com/products/html/waretech/img/icon/c-3d.png]
[reactheme.com/products/html/waretech/img/icon/c-4d.png]
[reactheme.com/products/html/waretech/team.html]
[reactheme.com/products/html/waretech/img/page-title/page-title-bg2.jpg]
[reactheme.com/products/html/waretech/img/history/j-1.jpg]
[reactheme.com/products/html/waretech/img/history/j-2.jpg]
[reactheme.com/products/html/waretech/img/history/j-3.jpg]
[reactheme.com/products/html/waretech/img/history/j-4.jpg]
[reactheme.com/products/html/waretech/img/history/j-5.jpg]
[reactheme.com/products/html/waretech/img/history/j-6.jpg]
[reactheme.com/products/html/waretech/img/counter/ic-4.png]
[reactheme.com/products/html/waretech/img/counter/ic-5.png]
[reactheme.com/products/html/waretech/img/counter/ic-6.png]
[reactheme.com/products/html/waretech/img/counter/ic-7.png]
[reactheme.com/products/html/waretech/img/contact/telephone-2.png]
[reactheme.com/products/html/waretech/img/contact/mail-2.png]
[reactheme.com/products/html/waretech/history.html]
[reactheme.com/products/html/waretech/css/owl.video.play.html]
[reactheme.com/products/html/waretech/fonts/fa-brands-400.svg]
[reactheme.com/products/html/waretech/fonts/fa-duotone-900.svg]
[reactheme.com/products/html/waretech/fonts/fa-light-300.svg]
[reactheme.com/products/html/waretech/fonts/fa-regular-400.svg]
[reactheme.com/products/html/waretech/fonts/fa-solid-900.svg]
[reactheme.com/products/html/waretech/img/services/banne-1.html]
[reactheme.com/products/html/waretech/index-2.html]
[reactheme.com/products/html/waretech/img/logo/header-logo-3.png]
[reactheme.com/products/html/waretech/img/icon/s-3a.png]
[reactheme.com/products/html/waretech/img/icon/s-3b.png]
[reactheme.com/products/html/waretech/img/icon/s-3c.png]
[reactheme.com/products/html/waretech/img/icon/s-3d.png]
[reactheme.com/products/html/waretech/img/about/about-7.jpg]
[reactheme.com/products/html/waretech/img/layers/approch-item-bg.png]
[reactheme.com/products/html/waretech/img/layers/approch-card-layer.png]
[reactheme.com/products/html/waretech/img/icon/f-2a.png]
[reactheme.com/products/html/waretech/img/icon/f-2b.png]
[reactheme.com/products/html/waretech/img/icon/f-2c.png]
[reactheme.com/products/html/waretech/img/case/case-5.jpg]
[reactheme.com/products/html/waretech/img/case/case-6.jpg]
[reactheme.com/products/html/waretech/img/case/case-7.jpg]
[reactheme.com/products/html/waretech/img/case/case-8.jpg]
[reactheme.com/products/html/waretech/img/icon/p-2a.png]
[reactheme.com/products/html/waretech/img/icon/p-2b.png]
[reactheme.com/products/html/waretech/img/icon/p-2c.png]
[reactheme.com/products/html/waretech/img/icon/p-2d.png]
[reactheme.com/products/html/waretech/img/testimonial/t-2a.jpg]
[reactheme.com/products/html/waretech/img/testimonial/quorte-1.png]
[reactheme.com/products/html/waretech/img/blog/blog-9.jpg]
[reactheme.com/products/html/waretech/index-3.html]
[reactheme.com/products/html/waretech/img/brand/brand-1b.png]
[reactheme.com/products/html/waretech/img/brand/brand-2b.png]
[reactheme.com/products/html/waretech/img/brand/brand-3b.png]
[reactheme.com/products/html/waretech/img/brand/brand-4b.png]
[reactheme.com/products/html/waretech/img/brand/brand-5b.png]
[reactheme.com/products/html/waretech/index_onepage.html]
[reactheme.com/products/html/waretech/index-3_onepage.html]
[reactheme.com/products/html/waretech/img/team/team-9.jpg]
[reactheme.com/products/html/waretech/img/team/team-9a.jpg]
[reactheme.com/products/html/waretech/img/team/team-10.jpg]
[reactheme.com/products/html/waretech/img/team/team-11.jpg]
[reactheme.com/products/html/waretech/img/team/certificate-1.jpg]
[reactheme.com/products/html/waretech/img/team/certificate-2.jpg]
[reactheme.com/products/html/waretech/img/team/certificate-3.jpg]
[reactheme.com/products/html/waretech/team-details.html]
[reactheme.com/products/html/waretech/img/contact/telephone-3.png]
[reactheme.com/products/html/waretech/img/contact/telephone-3a.png]
[reactheme.com/products/html/waretech/img/contact/mail-3.png]
[reactheme.com/products/html/waretech/img/contact/mail-3a.png]
[reactheme.com/products/html/waretech/price.html]
[reactheme.com/products/html/waretech/blog.html]
[reactheme.com/products/html/waretech/img/blog/blog-10.jpg]
[reactheme.com/products/html/waretech/img/blog/comment-1.jpg]
[reactheme.com/products/html/waretech/img/blog/blog-11.jpg]
[reactheme.com/products/html/waretech/img/blog/blog-12.jpg]
[reactheme.com/products/html/waretech/img/blog/blog-13.jpg]
[reactheme.com/products/html/waretech/img/blog/quote-small-1.png]
[reactheme.com/products/html/waretech/news.html]
[reactheme.com/products/html/waretech/Price-2.html]
[reactheme.com/products/html/waretech/contant.html]
